[preview.colorlib.com/theme/kayelux/index.html]
[backblue.gif]
[fade.gif]
[index.html]
[stackpath.bootstrapcdn.com/font-awesome/4.7.0/css/font-awesome.min.css]
[cdnjs.cloudflare.com/ajax/libs/ionicons/4.5.6/css/ionicons.min.css]
[preview.colorlib.com/theme/kayelux/css/animate.css]
[preview.colorlib.com/theme/kayelux/css/flaticon.css]
[preview.colorlib.com/theme/kayelux/css/tiny-slider.css]
[preview.colorlib.com/theme/kayelux/css/glightbox.min.css]
[preview.colorlib.com/theme/kayelux/css/aos.css]
[preview.colorlib.com/theme/kayelux/css/datepicker.min.css]
[preview.colorlib.com/theme/kayelux/css/style.css]
[preview.colorlib.com/theme/kayelux/index-2.html]
[preview.colorlib.com/theme/kayelux/about.html]
[preview.colorlib.com/theme/kayelux/gallery.html]
[preview.colorlib.com/theme/kayelux/services.html]
[preview.colorlib.com/theme/kayelux/pricing.html]
[preview.colorlib.com/theme/kayelux/blog.html]
[preview.colorlib.com/theme/kayelux/contact.html]
[preview.colorlib.com/theme/kayelux/images/bg_1.jpg]
[preview.colorlib.com/theme/kayelux/images/about.jpg]
[preview.colorlib.com/theme/kayelux/images/bg_4.jpg]
[preview.colorlib.com/theme/kayelux/images/bg_3.jpg]
[preview.colorlib.com/theme/kayelux/images/staff-1.jpg]
[preview.colorlib.com/theme/kayelux/images/staff-2.jpg]
[preview.colorlib.com/theme/kayelux/images/staff-3.jpg]
[preview.colorlib.com/theme/kayelux/images/staff-4.jpg]
[preview.colorlib.com/theme/kayelux/images/gallery-1.jpg]
[preview.colorlib.com/theme/kayelux/images/gallery-2.jpg]
[preview.colorlib.com/theme/kayelux/images/gallery-3.jpg]
[preview.colorlib.com/theme/kayelux/images/gallery-4.jpg]
[preview.colorlib.com/theme/kayelux/images/bg_2.jpg]
[preview.colorlib.com/theme/kayelux/images/person_1.jpg]
[preview.colorlib.com/theme/kayelux/images/person_2.jpg]
[preview.colorlib.com/theme/kayelux/images/person_3.jpg]
[preview.colorlib.com/theme/kayelux/images/person_4.jpg]
[preview.colorlib.com/theme/kayelux/blog-single.html]
[preview.colorlib.com/theme/kayelux/images/image_1.jpg]
[preview.colorlib.com/theme/kayelux/images/image_2.jpg]
[preview.colorlib.com/theme/kayelux/images/image_3.jpg]
[preview.colorlib.com/theme/kayelux/images/image_4.jpg]
[preview.colorlib.com/cdn-cgi/scripts/5c5dd728/cloudflare-static/email-decode.min.js]
[preview.colorlib.com/theme/kayelux/js/bootstrap.bundle.min.js]
[preview.colorlib.com/theme/kayelux/js/tiny-slider.js]
[preview.colorlib.com/theme/kayelux/js/glightbox.min.js]
[preview.colorlib.com/theme/kayelux/js/aos.js]
[preview.colorlib.com/theme/kayelux/js/datepicker.min.js]
[preview.colorlib.com/theme/kayelux/js/google-map.js]
[preview.colorlib.com/theme/kayelux/js/main.js]
[preview.colorlib.com/theme/kayelux/index.html]
[stackpath.bootstrapcdn.com/font-awesome/4.7.0/css/font-awesome.min.css]
[cdnjs.cloudflare.com/ajax/libs/ionicons/4.5.6/css/ionicons.min.css]
[preview.colorlib.com/theme/kayelux/css/animate.css]
[preview.colorlib.com/theme/kayelux/fonts/flaticon/font/Flaticon.eot]
[preview.colorlib.com/theme/kayelux/fonts/flaticon/font/Flaticond41d.eot]
[preview.colorlib.com/theme/kayelux/fonts/flaticon/font/Flaticon.woff]
[preview.colorlib.com/theme/kayelux/fonts/flaticon/font/Flaticon.ttf]
[preview.colorlib.com/theme/kayelux/fonts/flaticon/font/Flaticon.svg]
[preview.colorlib.com/theme/kayelux/css/flaticon.css]
[preview.colorlib.com/theme/kayelux/css/tiny-slider.css]
[preview.colorlib.com/theme/kayelux/css/glightbox.min.css]
[preview.colorlib.com/theme/kayelux/css/aos.css]
[preview.colorlib.com/theme/kayelux/css/datepicker.min.css]
[preview.colorlib.com/theme/kayelux/css/style.css]
[preview.colorlib.com/cdn-cgi/zaraz/sd0d9.js]
[preview.colorlib.com/theme/kayelux/index-2.html]
[preview.colorlib.com/theme/kayelux/about.html]
[preview.colorlib.com/theme/kayelux/images/image_5.jpg]
[preview.colorlib.com/theme/kayelux/images/image_6.jpg]
[preview.colorlib.com/theme/kayelux/images/image_7.jpg]
[preview.colorlib.com/theme/kayelux/images/image_8.jpg]
[preview.colorlib.com/theme/kayelux/gallery.html]
[preview.colorlib.com/theme/kayelux/services.html]
[preview.colorlib.com/theme/kayelux/pricing.html]
[preview.colorlib.com/theme/kayelux/blog.html]
[preview.colorlib.com/theme/kayelux/contact.html]
[preview.colorlib.com/theme/kayelux/blog-single.html]
[preview.colorlib.com/theme/kayelux/fonts/flaticon/font/Flaticon.html]
[preview.colorlib.com/theme/kayelux/fonts/flaticon/font/Flaticond41d.html]
[preview.colorlib.com/theme/kayelux/fonts/flaticon/font/Flaticon-2.html]
[preview.colorlib.com/theme/kayelux/fonts/flaticon/font/Flaticon-3.html]
[preview.colorlib.com/theme/kayelux/fonts/flaticon/font/Flaticon-4.html]
